
> weather-duck@1.0.0 make
> electron-forge make

[33m鉂?[39m Checking your system
[33m鉂?[39m Checking package manager version
[32m鉁?[39m Found npm@10.9.2
[32m鉁?[39m Checking your system
[?25h[33m鉂?[39m Loading configuration
[32m鉁?[39m Loading configuration
[33m鉂?[39m Resolving make targets
鈥?Making for the following targets: 
[32m鉁?[39m Resolving make targets
[33m鉂?[39m Running package command
[33m鉂?[39m Preparing to package application
[32m鉁?[39m Preparing to package application
[33m鉂?[39m Running packaging hooks
[33m鉂?[39m Running generateAssets hook
[32m鉁?[39m Running generateAssets hook
[33m鉂?[39m Running prePackage hook
[33m鉂?[39m [plugin-vite] Building production Vite bundles
[33m鉂?[39m Building main and preload targets...
[33m鉂?[39m Building renderer targets...
[33m鉂?[39m Building src/main/main.ts target
[33m鉂?[39m Building src/main/preload.ts target
[32m鉁?[39m Building src/main/main.ts target
[32m鉁?[39m Building src/main/preload.ts target
[32m鉁?[39m Building main and preload targets...
[32m鉁?[39m Built target renderer
[32m鉁?[39m Building renderer targets...
[32m鉁?[39m [plugin-vite] Building production Vite bundles
[32m鉁?[39m Running prePackage hook
[32m鉁?[39m Running packaging hooks
[33m鉂?[39m Packaging application
鈥?Determining targets...
[33m鉂?[39m Packaging for x64 on win32
[33m鉂?[39m Copying files
[33m鉂?[39m Preparing native dependencies
[33m鉂?[39m Finalizing package
[32m鉁?[39m Copying files
node.exe : 
所在位置 E:\Program Files\nodejs\npm.ps1:29 字符: 3
+   & $NODE_EXE $NPM_CLI_JS $args
+   ~~~~~~~~~~~~~~~~~~~~~~~~~~~~~
    + CategoryInfo          : NotSpecified: (:String) [], RemoteException
    + FullyQualifiedErrorId : NativeCommandError
 
An unhandled rejection has occurred inside Forge:
Error: Electron Forge is configured to use the Vite plugin. The plugin expects the
"main" entry point in "package.json" to be ".vite/*" (where the plugin outputs
the generated files). Instead, it is "dist/main.js".
at VitePlugin.packageAfterCopy (E:\trae\WeatherDuck\node_modules\@electron-forge\plugin
-vite\dist\VitePlugin.js:137:23)
    at async PluginInterface.triggerHook (E:\trae\WeatherDuck\node_modules\@electron-fo
rge\core\dist\util\plugin-interface.js:69:25)
    at async runHook (E:\trae\WeatherDuck\node_modules\@electron-forge\core\dist\util\h
ook.js:20:5)
    at async E:\trae\WeatherDuck\node_modules\@electron-forge\core\dist\api\package.js:
173:25
